                                                                                                                                                                                                                                                                                                                                                                                                                                                        [2643:2669:0403/151638.080719:ERROR:connection_factory_impl.cc(434)] Failed to connect to MCS endpoint with error -118
